#! /usr/bin/vvp
:ivl_version "12.0 (stable)";
:ivl_delay_selection "TYPICAL";
:vpi_time_precision - 12;
:vpi_module "/usr/lib/x86_64-linux-gnu/ivl/system.vpi";
:vpi_module "/usr/lib/x86_64-linux-gnu/ivl/vhdl_sys.vpi";
:vpi_module "/usr/lib/x86_64-linux-gnu/ivl/vhdl_textio.vpi";
:vpi_module "/usr/lib/x86_64-linux-gnu/ivl/v2005_math.vpi";
:vpi_module "/usr/lib/x86_64-linux-gnu/ivl/va_math.vpi";
S_0x5df78f704c00 .scope module, "blocking_caveat_tb" "blocking_caveat_tb" 2 3;
 .timescale -9 -12;
v0x5df78f71c520_0 .var "a", 0 0;
v0x5df78f71c5e0_0 .var "b", 0 0;
v0x5df78f71c6b0_0 .var "c", 0 0;
v0x5df78f71c7b0_0 .net "d", 0 0, v0x5df78f71c2d0_0;  1 drivers
S_0x5df78f704d90 .scope module, "DUT" "blocking_caveat" 2 12, 3 1 0, S_0x5df78f704c00;
 .timescale 0 0;
    .port_info 0 /INPUT 1 "a";
    .port_info 1 /INPUT 1 "b";
    .port_info 2 /INPUT 1 "c";
    .port_info 3 /OUTPUT 1 "d";
v0x5df78f6cb490_0 .net "a", 0 0, v0x5df78f71c520_0;  1 drivers
v0x5df78f71c140_0 .net "b", 0 0, v0x5df78f71c5e0_0;  1 drivers
v0x5df78f71c200_0 .net "c", 0 0, v0x5df78f71c6b0_0;  1 drivers
v0x5df78f71c2d0_0 .var "d", 0 0;
v0x5df78f71c390_0 .var "x", 0 0;
E_0x5df78f6cbd90 .event anyedge, v0x5df78f6cb490_0, v0x5df78f71c140_0, v0x5df78f71c390_0, v0x5df78f71c200_0;
    .scope S_0x5df78f704d90;
T_0 ;
    %wait E_0x5df78f6cbd90;
    %load/vec4 v0x5df78f6cb490_0;
    %load/vec4 v0x5df78f71c140_0;
    %or;
    %store/vec4 v0x5df78f71c390_0, 0, 1;
    %load/vec4 v0x5df78f71c390_0;
    %load/vec4 v0x5df78f71c200_0;
    %and;
    %store/vec4 v0x5df78f71c2d0_0, 0, 1;
    %jmp T_0;
    .thread T_0, $push;
    .scope S_0x5df78f704c00;
T_1 ;
    %vpi_call 2 22 "$dumpfile", "blocking_caveat.vcd" {0 0 0};
    %vpi_call 2 23 "$dumpvars", 32'sb00000000000000000000000000000000, S_0x5df78f704c00 {0 0 0};
    %pushi/vec4 0, 0, 1;
    %store/vec4 v0x5df78f71c520_0, 0, 1;
    %pushi/vec4 0, 0, 1;
    %store/vec4 v0x5df78f71c5e0_0, 0, 1;
    %pushi/vec4 0, 0, 1;
    %store/vec4 v0x5df78f71c6b0_0, 0, 1;
    %vpi_call 2 30 "$display", "Time | a | b | c | d" {0 0 0};
    %vpi_call 2 31 "$display", "%4t | %b | %b | %b | %b", $time, v0x5df78f71c520_0, v0x5df78f71c5e0_0, v0x5df78f71c6b0_0, v0x5df78f71c7b0_0 {0 0 0};
    %delay 10000, 0;
    %pushi/vec4 1, 0, 1;
    %store/vec4 v0x5df78f71c520_0, 0, 1;
    %vpi_call 2 36 "$display", "%4t | %b | %b | %b | %b", $time, v0x5df78f71c520_0, v0x5df78f71c5e0_0, v0x5df78f71c6b0_0, v0x5df78f71c7b0_0 {0 0 0};
    %delay 10000, 0;
    %pushi/vec4 0, 0, 1;
    %store/vec4 v0x5df78f71c520_0, 0, 1;
    %pushi/vec4 1, 0, 1;
    %store/vec4 v0x5df78f71c5e0_0, 0, 1;
    %vpi_call 2 42 "$display", "%4t | %b | %b | %b | %b", $time, v0x5df78f71c520_0, v0x5df78f71c5e0_0, v0x5df78f71c6b0_0, v0x5df78f71c7b0_0 {0 0 0};
    %delay 10000, 0;
    %pushi/vec4 1, 0, 1;
    %store/vec4 v0x5df78f71c520_0, 0, 1;
    %pushi/vec4 1, 0, 1;
    %store/vec4 v0x5df78f71c5e0_0, 0, 1;
    %pushi/vec4 0, 0, 1;
    %store/vec4 v0x5df78f71c6b0_0, 0, 1;
    %vpi_call 2 49 "$display", "%4t | %b | %b | %b | %b", $time, v0x5df78f71c520_0, v0x5df78f71c5e0_0, v0x5df78f71c6b0_0, v0x5df78f71c7b0_0 {0 0 0};
    %delay 10000, 0;
    %pushi/vec4 1, 0, 1;
    %store/vec4 v0x5df78f71c520_0, 0, 1;
    %pushi/vec4 0, 0, 1;
    %store/vec4 v0x5df78f71c5e0_0, 0, 1;
    %pushi/vec4 0, 0, 1;
    %store/vec4 v0x5df78f71c6b0_0, 0, 1;
    %vpi_call 2 56 "$display", "%4t | %b | %b | %b | %b", $time, v0x5df78f71c520_0, v0x5df78f71c5e0_0, v0x5df78f71c6b0_0, v0x5df78f71c7b0_0 {0 0 0};
    %delay 10000, 0;
    %vpi_call 2 59 "$finish" {0 0 0};
    %end;
    .thread T_1;
# The file index is used to find the file name in the following table.
:file_names 4;
    "N/A";
    "<interactive>";
    "blocking_caveat_tb.v";
    "blocking_caveat.v";
