#! /usr/bin/vvp
:ivl_version "12.0 (stable)";
:ivl_delay_selection "TYPICAL";
:vpi_time_precision - 12;
:vpi_module "/usr/lib/x86_64-linux-gnu/ivl/system.vpi";
:vpi_module "/usr/lib/x86_64-linux-gnu/ivl/vhdl_sys.vpi";
:vpi_module "/usr/lib/x86_64-linux-gnu/ivl/vhdl_textio.vpi";
:vpi_module "/usr/lib/x86_64-linux-gnu/ivl/v2005_math.vpi";
:vpi_module "/usr/lib/x86_64-linux-gnu/ivl/va_math.vpi";
S_0x61d3ab48b880 .scope module, "dff_asyncres_tb" "dff_asyncres_tb" 2 4;
 .timescale -9 -12;
v0x61d3ab49ed20_0 .var "async_reset", 0 0;
v0x61d3ab49ede0_0 .var "clk", 0 0;
v0x61d3ab49eeb0_0 .var "d", 0 0;
v0x61d3ab49efb0_0 .net "q", 0 0, v0x61d3ab49ebb0_0;  1 drivers
S_0x61d3ab48ba10 .scope module, "UUT" "dff_asyncres" 2 15, 3 1 0, S_0x61d3ab48b880;
 .timescale 0 0;
    .port_info 0 /INPUT 1 "clk";
    .port_info 1 /INPUT 1 "async_reset";
    .port_info 2 /INPUT 1 "d";
    .port_info 3 /OUTPUT 1 "q";
v0x61d3ab452490_0 .net "async_reset", 0 0, v0x61d3ab49ed20_0;  1 drivers
v0x61d3ab49ea20_0 .net "clk", 0 0, v0x61d3ab49ede0_0;  1 drivers
v0x61d3ab49eae0_0 .net "d", 0 0, v0x61d3ab49eeb0_0;  1 drivers
v0x61d3ab49ebb0_0 .var "q", 0 0;
E_0x61d3ab452b40 .event posedge, v0x61d3ab452490_0, v0x61d3ab49ea20_0;
    .scope S_0x61d3ab48ba10;
T_0 ;
    %wait E_0x61d3ab452b40;
    %load/vec4 v0x61d3ab452490_0;
    %flag_set/vec4 8;
    %jmp/0xz  T_0.0, 8;
    %pushi/vec4 0, 0, 1;
    %assign/vec4 v0x61d3ab49ebb0_0, 0;
    %jmp T_0.1;
T_0.0 ;
    %load/vec4 v0x61d3ab49eae0_0;
    %assign/vec4 v0x61d3ab49ebb0_0, 0;
T_0.1 ;
    %jmp T_0;
    .thread T_0;
    .scope S_0x61d3ab48b880;
T_1 ;
    %pushi/vec4 0, 0, 1;
    %store/vec4 v0x61d3ab49ede0_0, 0, 1;
T_1.0 ;
    %delay 5000, 0;
    %load/vec4 v0x61d3ab49ede0_0;
    %inv;
    %store/vec4 v0x61d3ab49ede0_0, 0, 1;
    %jmp T_1.0;
    %end;
    .thread T_1;
    .scope S_0x61d3ab48b880;
T_2 ;
    %vpi_call 2 31 "$dumpfile", "dff_asyncres.vcd" {0 0 0};
    %vpi_call 2 32 "$dumpvars", 32'sb00000000000000000000000000000000, S_0x61d3ab48b880 {0 0 0};
    %pushi/vec4 0, 0, 1;
    %store/vec4 v0x61d3ab49ed20_0, 0, 1;
    %pushi/vec4 0, 0, 1;
    %store/vec4 v0x61d3ab49eeb0_0, 0, 1;
    %delay 20000, 0;
    %pushi/vec4 1, 0, 1;
    %store/vec4 v0x61d3ab49eeb0_0, 0, 1;
    %delay 10000, 0;
    %pushi/vec4 0, 0, 1;
    %store/vec4 v0x61d3ab49eeb0_0, 0, 1;
    %delay 10000, 0;
    %pushi/vec4 1, 0, 1;
    %store/vec4 v0x61d3ab49eeb0_0, 0, 1;
    %delay 10000, 0;
    %pushi/vec4 1, 0, 1;
    %store/vec4 v0x61d3ab49ed20_0, 0, 1;
    %pushi/vec4 0, 0, 1;
    %store/vec4 v0x61d3ab49eeb0_0, 0, 1;
    %delay 5000, 0;
    %pushi/vec4 0, 0, 1;
    %store/vec4 v0x61d3ab49ed20_0, 0, 1;
    %delay 5000, 0;
    %pushi/vec4 1, 0, 1;
    %store/vec4 v0x61d3ab49eeb0_0, 0, 1;
    %delay 10000, 0;
    %vpi_call 2 61 "$finish" {0 0 0};
    %end;
    .thread T_2;
# The file index is used to find the file name in the following table.
:file_names 4;
    "N/A";
    "<interactive>";
    "dff_asyncres_tb.v";
    "dff_asyncres.v";
